C51 COMPILER V9.02   PBDATA                                                                03/29/2018 08:36:05 PAGE 1   


C51 COMPILER V9.02, COMPILATION OF MODULE PBDATA
OBJECT MODULE PLACED IN ..\Output\PBDATA.obj
COMPILER INVOKED BY: C:\Keil\C51\BIN\C51.EXE ..\Code\Public\PBDATA.C BROWSE INCDIR(..\Code\DeveloperCode\inc;..\Code\Dir
                    -verCode\inc;..\Code\Public\inc) DEBUG OBJECTEXTEND PRINT(..\Listing\PBDATA.lst) OBJECT(..\Output\PBDATA.obj)

line level    source

   1          /* *******************************************************************************************
   2          // Author:              biu~
   3          // Last Date:   2018/03/23
   4          // 公共调用函数，头文件中对公共引用数据进行声明；
   5          /* ******************************************************************************************* */
   6          
   7          #include "PBDATA.H"
   8          
   9          //*** WARNING L16: UNCALLED SEGMENT, IGNORED FOR OVERLAY PROCESS
  10          //    SEGMENT: ?CO?PBDATA，在Code区定义了数组，但没有被调用；
  11          /*const u8 code W_Scan[8] = {0x80,0x40,0x20,0x10,0x08,0x04,0x02,0x01};              
  12          //const u8 code W_Scan[8] = {0x01,0x02,0x04,0x08,0x10,0x20,0x40,0x80};          
  13          const u8 code Seg_7[11] = {0xC0,0xF9,0xA4,0xB0,0x99,0x92,0x82,0xF8,0x80,0x90,0xFF};
  14          */
  15          /* *******************************************************************************************
  16          // 延时1US，一般用于驱动中改变引脚电平状态后微量延时；
  17          /* ******************************************************************************************* */
  18          void Delay1US()     //@24.000MHz
  19          {
  20   1          unsigned char i;
  21   1      
  22   1          _nop_();
  23   1          _nop_();
  24   1          i = 3;
  25   1          while (--i);
  26   1      }
  27          
  28          /* *******************************************************************************************
  29          // US级延时
  30          /* ******************************************************************************************* */
  31          //void DelayUS(u16 x)
  32          //{ 
  33          //    u8 y;
  34          //    while (x--)
  35          //        for (y=0; y<PARAMETER_US; y++); 
  36          //}
  37          
  38          /* *******************************************************************************************
  39          // MS级CPU延时
  40          ///* ******************************************************************************************* */
  41          void DelayMS(u16 x)
  42          {
  43   1          u16 y;
  44   1          while (x--)
  45   1              for (y=0; y<PARAMETER_MS; y++); 
  46   1      }
  47          
  48          /* *******************************************************************************************
  49          // 系统状态提示灯闪烁
  50          /* ******************************************************************************************* */
  51          void TestCode()
  52          {
  53   1      #ifdef DeveloperMode
  54   1          SysLED_On();
C51 COMPILER V9.02   PBDATA                                                                03/29/2018 08:36:05 PAGE 2   

  55   1          DelayMS(500);
  56   1          SysLED_Off();
  57   1      #endif
  58   1              _nop_();
  59   1      }
  60          
  61          /* *******************************************************************************************
  62          // 系统状态提示灯闪烁
  63          /* ******************************************************************************************* */
  64          void SysLED_Flash(u16 time, u8 times)
  65          {
  66   1          u8 i;
  67   1          for (i=0; i<times; i++)
  68   1          {
  69   2              SysLED_On();
  70   2              DelayMS(time);
  71   2              SysLED_Off();
  72   2              DelayMS(time);
  73   2          }
  74   1      }


MODULE INFORMATION:   STATIC OVERLAYABLE
   CODE SIZE        =     85    ----
   CONSTANT SIZE    =   ----    ----
   XDATA SIZE       =   ----    ----
   PDATA SIZE       =   ----    ----
   DATA SIZE        =   ----    ----
   IDATA SIZE       =   ----    ----
   BIT SIZE         =   ----    ----
END OF MODULE INFORMATION.


C51 COMPILATION COMPLETE.  0 WARNING(S),  0 ERROR(S)
